// Jest Snapshot v1, https://goo.gl/fbAQLP

exports[`tableGenerator generateTable generate correct table with version 1`] = `
"| Node    | Option            | Msecs/op      | Ops/sec | V8                    |
| ------- | ----------------- | ------------- | ------- | --------------------- |
| 10.23.0 | Dummy entry 1.0.0 | 101.745 msecs | 9.829   | V8 6.8.275.32-node.59 |"
`;

exports[`tableGenerator generateTable generate correct table without version 1`] = `
"| Node   | Option          | Msecs/op      | Ops/sec | V8                    |
| ------ | --------------- | ------------- | ------- | --------------------- |
| 15.5.0 | Benchmark entry | 101.745 msecs | 9.829   | V8 8.6.395.17-node.23 |"
`;
