// Jest Snapshot v1, https://goo.gl/fbAQLP

exports[`mathUtils getSampleMean calculates mean correctly 1`] = `8429.666666666666`;

exports[`mathUtils getSignificantSamples calculates significant samples correctly 1`] = `
Array [
  4,
  5,
  6,
  4,
  4,
  4,
  4,
  4,
  5,
  6,
  5,
  6,
  10,
]
`;
